---
source: src/tests.rs
expression: "&r.statements"
---
[
    statements {
        position: Position {
            column: 0,
            line: 1,
        },
        statement: imports(
            imports {
                position: Position {
                    column: 0,
                    line: 1,
                },
                imports: [
                    import {
                        position: Position {
                            column: 4,
                            line: 2,
                        },
                        path: RAWIDENT(
                            Token {
                                raw: "`@std/util`",
                                position: Position {
                                    column: 4,
                                    line: 2,
                                },
                            },
                        ),
                        import_items: Some(
                            import_items {
                                position: Position {
                                    column: 15,
                                    line: 2,
                                },
                                items: [
                                    import_item {
                                        position: Position {
                                            column: 17,
                                            line: 2,
                                        },
                                        item: IDENT(
                                            Token {
                                                raw: "pipe",
                                                position: Position {
                                                    column: 17,
                                                    line: 2,
                                                },
                                            },
                                        ),
                                    },
                                    import_item {
                                        position: Position {
                                            column: 23,
                                            line: 2,
                                        },
                                        item: IDENT(
                                            Token {
                                                raw: "match",
                                                position: Position {
                                                    column: 23,
                                                    line: 2,
                                                },
                                            },
                                        ),
                                    },
                                ],
                            },
                        ),
                    },
                    import {
                        position: Position {
                            column: 4,
                            line: 3,
                        },
                        path: RAWIDENT(
                            Token {
                                raw: "`@std/math`",
                                position: Position {
                                    column: 4,
                                    line: 3,
                                },
                            },
                        ),
                        import_items: None,
                    },
                ],
            },
        ),
    },
    statements {
        position: Position {
            column: 0,
            line: 6,
        },
        statement: function(
            function {
                position: Position {
                    column: 0,
                    line: 6,
                },
                modifiers: [],
                name: IDENT(
                    Token {
                        raw: "matchExample",
                        position: Position {
                            column: 0,
                            line: 6,
                        },
                    },
                ),
                arguments: Some(
                    arguments {
                        position: Position {
                            column: 13,
                            line: 6,
                        },
                        arguments: [],
                        last: IDENT(
                            Token {
                                raw: "v",
                                position: Position {
                                    column: 13,
                                    line: 6,
                                },
                            },
                        ),
                    },
                ),
                body: body {
                    position: Position {
                        column: 4,
                        line: 7,
                    },
                    value: primitive_value(
                        IDENT(
                            Token {
                                raw: "v",
                                position: Position {
                                    column: 4,
                                    line: 7,
                                },
                            },
                        ),
                    ),
                    expressions: [
                        expressions {
                            position: Position {
                                column: 6,
                                line: 7,
                            },
                            operator: IDENT(
                                Token {
                                    raw: "match",
                                    position: Position {
                                        column: 6,
                                        line: 7,
                                    },
                                },
                            ),
                            value: match_statement(
                                match_statement {
                                    position: Position {
                                        column: 12,
                                        line: 7,
                                    },
                                    statements: [
                                        match_arm {
                                            position: Position {
                                                column: 8,
                                                line: 8,
                                            },
                                            operator: equals(
                                                equals {
                                                    position: Position {
                                                        column: 8,
                                                        line: 8,
                                                    },
                                                },
                                            ),
                                            value: NUMBER(
                                                Token {
                                                    raw: "1",
                                                    position: Position {
                                                        column: 11,
                                                        line: 8,
                                                    },
                                                },
                                            ),
                                            body: body {
                                                position: Position {
                                                    column: 16,
                                                    line: 8,
                                                },
                                                value: primitive_value(
                                                    NUMBER(
                                                        Token {
                                                            raw: "1",
                                                            position: Position {
                                                                column: 16,
                                                                line: 8,
                                                            },
                                                        },
                                                    ),
                                                ),
                                                expressions: [],
                                            },
                                        },
                                        match_arm {
                                            position: Position {
                                                column: 8,
                                                line: 9,
                                            },
                                            operator: equals(
                                                equals {
                                                    position: Position {
                                                        column: 8,
                                                        line: 9,
                                                    },
                                                },
                                            ),
                                            value: TEXTLITERAL(
                                                Token {
                                                    raw: "\"a string\"",
                                                    position: Position {
                                                        column: 11,
                                                        line: 9,
                                                    },
                                                },
                                            ),
                                            body: body {
                                                position: Position {
                                                    column: 25,
                                                    line: 9,
                                                },
                                                value: primitive_value(
                                                    NUMBER(
                                                        Token {
                                                            raw: "0",
                                                            position: Position {
                                                                column: 25,
                                                                line: 9,
                                                            },
                                                        },
                                                    ),
                                                ),
                                                expressions: [],
                                            },
                                        },
                                        match_arm {
                                            position: Position {
                                                column: 8,
                                                line: 10,
                                            },
                                            operator: equals(
                                                equals {
                                                    position: Position {
                                                        column: 8,
                                                        line: 10,
                                                    },
                                                },
                                            ),
                                            value: NUMBER(
                                                Token {
                                                    raw: "2",
                                                    position: Position {
                                                        column: 11,
                                                        line: 10,
                                                    },
                                                },
                                            ),
                                            body: body {
                                                position: Position {
                                                    column: 16,
                                                    line: 10,
                                                },
                                                value: primitive_value(
                                                    NUMBER(
                                                        Token {
                                                            raw: "2",
                                                            position: Position {
                                                                column: 16,
                                                                line: 10,
                                                            },
                                                        },
                                                    ),
                                                ),
                                                expressions: [],
                                            },
                                        },
                                    ],
                                },
                            ),
                        },
                        expressions {
                            position: Position {
                                column: 4,
                                line: 12,
                            },
                            operator: PLUS(
                                Token {
                                    raw: "+",
                                    position: Position {
                                        column: 4,
                                        line: 12,
                                    },
                                },
                            ),
                            value: primitive_value(
                                NUMBER(
                                    Token {
                                        raw: "2",
                                        position: Position {
                                            column: 6,
                                            line: 12,
                                        },
                                    },
                                ),
                            ),
                        },
                    ],
                },
            },
        ),
    },
]
