---
source: src/tests.rs
expression: "&r.typescript"
---
import util, { pipe, match } from "@std/util";
import math from "@std/math";

const self = {
  ["+"](a, b) {
    return a + b;
  },

  ["-"](a, b) {
    return a - b;
  },

  ["*"](a, b) {
    return a * b;
  },

  ["/"](a, b) {
    return a / b;
  },
};

export default { ...self };

