---
source: src/main.rs
expression: "&r.statements"
---
[
    statements {
        position: Position {
            column: 0,
            line: 1,
        },
        statement: imports(
            imports {
                position: Position {
                    column: 0,
                    line: 1,
                },
                imports: [
                    import {
                        position: Position {
                            column: 8,
                            line: 1,
                        },
                        path: RAWIDENT(
                            Token {
                                raw: "`@std/util`",
                                position: Position {
                                    column: 8,
                                    line: 1,
                                },
                            },
                        ),
                        import_items: Some(
                            import_items {
                                position: Position {
                                    column: 19,
                                    line: 1,
                                },
                                items: [
                                    import_item {
                                        position: Position {
                                            column: 21,
                                            line: 1,
                                        },
                                        item: IDENT(
                                            Token {
                                                raw: "pipe",
                                                position: Position {
                                                    column: 21,
                                                    line: 1,
                                                },
                                            },
                                        ),
                                    },
                                ],
                            },
                        ),
                    },
                    import {
                        position: Position {
                            column: 4,
                            line: 2,
                        },
                        path: RAWIDENT(
                            Token {
                                raw: "`@std/math`",
                                position: Position {
                                    column: 4,
                                    line: 2,
                                },
                            },
                        ),
                        import_items: None,
                    },
                ],
            },
        ),
    },
    statements {
        position: Position {
            column: 0,
            line: 3,
        },
        statement: definition(
            definition {
                position: Position {
                    column: 0,
                    line: 3,
                },
                name: IDENT(
                    Token {
                        raw: "version",
                        position: Position {
                            column: 0,
                            line: 3,
                        },
                    },
                ),
                arguments: [
                    calls {
                        position: Position {
                            column: 9,
                            line: 3,
                        },
                        argument: body {
                            position: Position {
                                column: 9,
                                line: 3,
                            },
                            value: NUMBER(
                                Token {
                                    raw: "0",
                                    position: Position {
                                        column: 9,
                                        line: 3,
                                    },
                                },
                            ),
                            expressions: [],
                        },
                    },
                ],
            },
        ),
    },
    statements {
        position: Position {
            column: 0,
            line: 4,
        },
        statement: definition(
            definition {
                position: Position {
                    column: 0,
                    line: 4,
                },
                name: IDENT(
                    Token {
                        raw: "derive",
                        position: Position {
                            column: 0,
                            line: 4,
                        },
                    },
                ),
                arguments: [
                    calls {
                        position: Position {
                            column: 8,
                            line: 4,
                        },
                        argument: body {
                            position: Position {
                                column: 8,
                                line: 4,
                            },
                            value: IDENT(
                                Token {
                                    raw: "equal",
                                    position: Position {
                                        column: 8,
                                        line: 4,
                                    },
                                },
                            ),
                            expressions: [],
                        },
                    },
                ],
            },
        ),
    },
    statements {
        position: Position {
            column: 0,
            line: 6,
        },
        statement: variable(
            variable {
                position: Position {
                    column: 0,
                    line: 6,
                },
                modifiers: [],
                name: IDENT(
                    Token {
                        raw: "PI",
                        position: Position {
                            column: 0,
                            line: 6,
                        },
                    },
                ),
                body: body {
                    position: Position {
                        column: 5,
                        line: 6,
                    },
                    value: IDENT(
                        Token {
                            raw: "a",
                            position: Position {
                                column: 5,
                                line: 6,
                            },
                        },
                    ),
                    expressions: [
                        expressions {
                            position: Position {
                                column: 7,
                                line: 6,
                            },
                            operator: PLUS(
                                Token {
                                    raw: "+",
                                    position: Position {
                                        column: 7,
                                        line: 6,
                                    },
                                },
                            ),
                            value: IDENT(
                                Token {
                                    raw: "b",
                                    position: Position {
                                        column: 9,
                                        line: 6,
                                    },
                                },
                            ),
                        },
                        expressions {
                            position: Position {
                                column: 11,
                                line: 6,
                            },
                            operator: PLUS(
                                Token {
                                    raw: "+",
                                    position: Position {
                                        column: 11,
                                        line: 6,
                                    },
                                },
                            ),
                            value: float(
                                float {
                                    position: Position {
                                        column: 13,
                                        line: 6,
                                    },
                                    whole: NUMBER(
                                        Token {
                                            raw: "0",
                                            position: Position {
                                                column: 13,
                                                line: 6,
                                            },
                                        },
                                    ),
                                    float: NUMBER(
                                        Token {
                                            raw: "012",
                                            position: Position {
                                                column: 15,
                                                line: 6,
                                            },
                                        },
                                    ),
                                },
                            ),
                        },
                    ],
                },
            },
        ),
    },
    statements {
        position: Position {
            column: 0,
            line: 8,
        },
        statement: variable(
            variable {
                position: Position {
                    column: 0,
                    line: 8,
                },
                modifiers: [
                    modifiers {
                        position: Position {
                            column: 0,
                            line: 8,
                        },
                        modifier: PUB(
                            Token {
                                raw: "pub",
                                position: Position {
                                    column: 0,
                                    line: 8,
                                },
                            },
                        ),
                    },
                    modifiers {
                        position: Position {
                            column: 4,
                            line: 8,
                        },
                        modifier: MUT(
                            Token {
                                raw: "mut",
                                position: Position {
                                    column: 4,
                                    line: 8,
                                },
                            },
                        ),
                    },
                ],
                name: IDENT(
                    Token {
                        raw: "Pi",
                        position: Position {
                            column: 8,
                            line: 8,
                        },
                    },
                ),
                body: body {
                    position: Position {
                        column: 13,
                        line: 8,
                    },
                    value: NUMBER(
                        Token {
                            raw: "123",
                            position: Position {
                                column: 13,
                                line: 8,
                            },
                        },
                    ),
                    expressions: [],
                },
            },
        ),
    },
    statements {
        position: Position {
            column: 0,
            line: 10,
        },
        statement: function(
            function {
                position: Position {
                    column: 0,
                    line: 10,
                },
                modifiers: [],
                name: IDENT(
                    Token {
                        raw: "fn",
                        position: Position {
                            column: 0,
                            line: 10,
                        },
                    },
                ),
                arguments: Some(
                    arguments {
                        position: Position {
                            column: 3,
                            line: 10,
                        },
                        arguments: [
                            argument {
                                position: Position {
                                    column: 3,
                                    line: 10,
                                },
                                arg: IDENT(
                                    Token {
                                        raw: "a",
                                        position: Position {
                                            column: 3,
                                            line: 10,
                                        },
                                    },
                                ),
                            },
                        ],
                        last: IDENT(
                            Token {
                                raw: "b",
                                position: Position {
                                    column: 6,
                                    line: 10,
                                },
                            },
                        ),
                    },
                ),
                body: body {
                    position: Position {
                        column: 11,
                        line: 10,
                    },
                    value: IDENT(
                        Token {
                            raw: "a",
                            position: Position {
                                column: 11,
                                line: 10,
                            },
                        },
                    ),
                    expressions: [
                        expressions {
                            position: Position {
                                column: 13,
                                line: 10,
                            },
                            operator: PLUS(
                                Token {
                                    raw: "+",
                                    position: Position {
                                        column: 13,
                                        line: 10,
                                    },
                                },
                            ),
                            value: IDENT(
                                Token {
                                    raw: "b",
                                    position: Position {
                                        column: 15,
                                        line: 10,
                                    },
                                },
                            ),
                        },
                    ],
                },
            },
        ),
    },
    statements {
        position: Position {
            column: 0,
            line: 12,
        },
        statement: function(
            function {
                position: Position {
                    column: 0,
                    line: 12,
                },
                modifiers: [],
                name: IDENT(
                    Token {
                        raw: "one",
                        position: Position {
                            column: 0,
                            line: 12,
                        },
                    },
                ),
                arguments: Some(
                    arguments {
                        position: Position {
                            column: 4,
                            line: 12,
                        },
                        arguments: [],
                        last: IDENT(
                            Token {
                                raw: "b",
                                position: Position {
                                    column: 4,
                                    line: 12,
                                },
                            },
                        ),
                    },
                ),
                body: body {
                    position: Position {
                        column: 9,
                        line: 12,
                    },
                    value: function_call(
                        function_call {
                            position: Position {
                                column: 9,
                                line: 12,
                            },
                            path: [
                                path {
                                    position: Position {
                                        column: 9,
                                        line: 12,
                                    },
                                    path: IDENT(
                                        Token {
                                            raw: "console",
                                            position: Position {
                                                column: 9,
                                                line: 12,
                                            },
                                        },
                                    ),
                                },
                            ],
                            name: IDENT(
                                Token {
                                    raw: "log",
                                    position: Position {
                                        column: 17,
                                        line: 12,
                                    },
                                },
                            ),
                            arguments: [
                                calls {
                                    position: Position {
                                        column: 21,
                                        line: 12,
                                    },
                                    argument: body {
                                        position: Position {
                                            column: 21,
                                            line: 12,
                                        },
                                        value: IDENT(
                                            Token {
                                                raw: "b",
                                                position: Position {
                                                    column: 21,
                                                    line: 12,
                                                },
                                            },
                                        ),
                                        expressions: [],
                                    },
                                },
                            ],
                        },
                    ),
                    expressions: [],
                },
            },
        ),
    },
    statements {
        position: Position {
            column: 0,
            line: 14,
        },
        statement: function(
            function {
                position: Position {
                    column: 0,
                    line: 14,
                },
                modifiers: [
                    modifiers {
                        position: Position {
                            column: 0,
                            line: 14,
                        },
                        modifier: PUB(
                            Token {
                                raw: "pub",
                                position: Position {
                                    column: 0,
                                    line: 14,
                                },
                            },
                        ),
                    },
                ],
                name: IDENT(
                    Token {
                        raw: "zero",
                        position: Position {
                            column: 4,
                            line: 14,
                        },
                    },
                ),
                arguments: None,
                body: body {
                    position: Position {
                        column: 13,
                        line: 14,
                    },
                    value: IDENT(
                        Token {
                            raw: "a",
                            position: Position {
                                column: 13,
                                line: 14,
                            },
                        },
                    ),
                    expressions: [
                        expressions {
                            position: Position {
                                column: 15,
                                line: 14,
                            },
                            operator: PLUS(
                                Token {
                                    raw: "+",
                                    position: Position {
                                        column: 15,
                                        line: 14,
                                    },
                                },
                            ),
                            value: IDENT(
                                Token {
                                    raw: "b",
                                    position: Position {
                                        column: 17,
                                        line: 14,
                                    },
                                },
                            ),
                        },
                    ],
                },
            },
        ),
    },
]
